Archive member included to satisfy reference by file (symbol)

/usr/lib/gcc/avr/5.2.0/avr25/tiny-stack/libgcc.a(_exit.o)
                              /usr/lib/gcc/avr/5.2.0/../../../../avr/lib/avr25/tiny-stack/crtattiny24a.o (exit)
/usr/lib/gcc/avr/5.2.0/../../../../avr/lib/avr25/tiny-stack/libc.a(rand.o)
                              obj/DebugLin/main.o (rand)
/usr/lib/gcc/avr/5.2.0/avr25/tiny-stack/libgcc.a(_divmodsi4.o)
                              /usr/lib/gcc/avr/5.2.0/../../../../avr/lib/avr25/tiny-stack/libc.a(rand.o) (__divmodsi4)
/usr/lib/gcc/avr/5.2.0/avr25/tiny-stack/libgcc.a(_negsi2.o)
                              /usr/lib/gcc/avr/5.2.0/avr25/tiny-stack/libgcc.a(_divmodsi4.o) (__negsi2)
/usr/lib/gcc/avr/5.2.0/avr25/tiny-stack/libgcc.a(_copy_data.o)
                              /usr/lib/gcc/avr/5.2.0/../../../../avr/lib/avr25/tiny-stack/libc.a(rand.o) (__do_copy_data)
/usr/lib/gcc/avr/5.2.0/avr25/tiny-stack/libgcc.a(_mulsidi3.o)
                              /usr/lib/gcc/avr/5.2.0/../../../../avr/lib/avr25/tiny-stack/libc.a(rand.o) (__mulsidi3)
/usr/lib/gcc/avr/5.2.0/avr25/tiny-stack/libgcc.a(_prologue.o)
                              /usr/lib/gcc/avr/5.2.0/avr25/tiny-stack/libgcc.a(_mulsidi3.o) (__prologue_saves__)
/usr/lib/gcc/avr/5.2.0/avr25/tiny-stack/libgcc.a(_epilogue.o)
                              /usr/lib/gcc/avr/5.2.0/avr25/tiny-stack/libgcc.a(_mulsidi3.o) (__epilogue_restores__)
/usr/lib/gcc/avr/5.2.0/avr25/tiny-stack/libgcc.a(_udivmodsi4.o)
                              /usr/lib/gcc/avr/5.2.0/avr25/tiny-stack/libgcc.a(_divmodsi4.o) (__udivmodsi4)
/usr/lib/gcc/avr/5.2.0/avr25/tiny-stack/libgcc.a(_muldi3.o)
                              /usr/lib/gcc/avr/5.2.0/avr25/tiny-stack/libgcc.a(_mulsidi3.o) (__muldi3)

Memory Configuration

Name             Origin             Length             Attributes
text             0x0000000000000000 0x0000000000002000 xr
data             0x0000000000800060 0x000000000000ffa0 rw !x
eeprom           0x0000000000810000 0x0000000000010000 rw !x
fuse             0x0000000000820000 0x0000000000000400 rw !x
lock             0x0000000000830000 0x0000000000000400 rw !x
signature        0x0000000000840000 0x0000000000000400 rw !x
*default*        0x0000000000000000 0xffffffffffffffff

Linker script and memory map

LOAD /usr/lib/gcc/avr/5.2.0/../../../../avr/lib/avr25/tiny-stack/crtattiny24a.o
LOAD obj/DebugLin/fuse.o
LOAD obj/DebugLin/main.o
LOAD /usr/lib/gcc/avr/5.2.0/avr25/tiny-stack/libgcc.a
LOAD /usr/lib/gcc/avr/5.2.0/../../../../avr/lib/avr25/tiny-stack/libm.a
START GROUP
LOAD /usr/lib/gcc/avr/5.2.0/avr25/tiny-stack/libgcc.a
LOAD /usr/lib/gcc/avr/5.2.0/../../../../avr/lib/avr25/tiny-stack/libm.a
LOAD /usr/lib/gcc/avr/5.2.0/../../../../avr/lib/avr25/tiny-stack/libc.a
LOAD /usr/lib/gcc/avr/5.2.0/../../../../avr/lib/avr25/tiny-stack/libattiny24a.a
END GROUP

.hash
 *(.hash)

.dynsym
 *(.dynsym)

.dynstr
 *(.dynstr)

.gnu.version
 *(.gnu.version)

.gnu.version_d
 *(.gnu.version_d)

.gnu.version_r
 *(.gnu.version_r)

.rel.init
 *(.rel.init)

.rela.init
 *(.rela.init)

.rel.text
 *(.rel.text)
 *(.rel.text.*)
 *(.rel.gnu.linkonce.t*)

.rela.text
 *(.rela.text)
 *(.rela.text.*)
 *(.rela.gnu.linkonce.t*)

.rel.fini
 *(.rel.fini)

.rela.fini
 *(.rela.fini)

.rel.rodata
 *(.rel.rodata)
 *(.rel.rodata.*)
 *(.rel.gnu.linkonce.r*)

.rela.rodata
 *(.rela.rodata)
 *(.rela.rodata.*)
 *(.rela.gnu.linkonce.r*)

.rel.data
 *(.rel.data)
 *(.rel.data.*)
 *(.rel.gnu.linkonce.d*)

.rela.data
 *(.rela.data)
 *(.rela.data.*)
 *(.rela.gnu.linkonce.d*)

.rel.ctors
 *(.rel.ctors)

.rela.ctors
 *(.rela.ctors)

.rel.dtors
 *(.rel.dtors)

.rela.dtors
 *(.rela.dtors)

.rel.got
 *(.rel.got)

.rela.got
 *(.rela.got)

.rel.bss
 *(.rel.bss)

.rela.bss
 *(.rela.bss)

.rel.plt
 *(.rel.plt)

.rela.plt
 *(.rela.plt)

.text           0x0000000000000000      0x296
 *(.vectors)
 .vectors       0x0000000000000000       0x22 /usr/lib/gcc/avr/5.2.0/../../../../avr/lib/avr25/tiny-stack/crtattiny24a.o
                0x0000000000000000                __vectors
                0x0000000000000000                __vector_default
 *(.vectors)
 *(.progmem.gcc*)
                0x0000000000000022                . = ALIGN (0x2)
                0x0000000000000022                __trampolines_start = .
 *(.trampolines)
 .trampolines   0x0000000000000022        0x0 linker stubs
 *(.trampolines*)
                0x0000000000000022                __trampolines_end = .
 *(.progmem*)
                0x0000000000000022                . = ALIGN (0x2)
 *(.jumptables)
 *(.jumptables*)
 *(.lowtext)
 *(.lowtext*)
                0x0000000000000022                __ctors_start = .
 *(.ctors)
                0x0000000000000022                __ctors_end = .
                0x0000000000000022                __dtors_start = .
 *(.dtors)
                0x0000000000000022                __dtors_end = .
 SORT(*)(.ctors)
 SORT(*)(.dtors)
 *(.init0)
 .init0         0x0000000000000022        0x0 /usr/lib/gcc/avr/5.2.0/../../../../avr/lib/avr25/tiny-stack/crtattiny24a.o
                0x0000000000000022                __init
 *(.init0)
 *(.init1)
 *(.init1)
 *(.init2)
 .init2         0x0000000000000022        0x8 /usr/lib/gcc/avr/5.2.0/../../../../avr/lib/avr25/tiny-stack/crtattiny24a.o
 *(.init2)
 *(.init3)
 *(.init3)
 *(.init4)
 .init4         0x000000000000002a       0x16 /usr/lib/gcc/avr/5.2.0/avr25/tiny-stack/libgcc.a(_copy_data.o)
                0x000000000000002a                __do_copy_data
 *(.init4)
 *(.init5)
 *(.init5)
 *(.init6)
 *(.init6)
 *(.init7)
 *(.init7)
 *(.init8)
 *(.init8)
 *(.init9)
 .init9         0x0000000000000040        0x4 /usr/lib/gcc/avr/5.2.0/../../../../avr/lib/avr25/tiny-stack/crtattiny24a.o
 *(.init9)
 *(.text)
 .text          0x0000000000000044        0x2 /usr/lib/gcc/avr/5.2.0/../../../../avr/lib/avr25/tiny-stack/crtattiny24a.o
                0x0000000000000044                __vector_1
                0x0000000000000044                __vector_12
                0x0000000000000044                __bad_interrupt
                0x0000000000000044                __vector_6
                0x0000000000000044                __vector_3
                0x0000000000000044                __vector_11
                0x0000000000000044                __vector_13
                0x0000000000000044                __vector_7
                0x0000000000000044                __vector_5
                0x0000000000000044                __vector_4
                0x0000000000000044                __vector_9
                0x0000000000000044                __vector_2
                0x0000000000000044                __vector_15
                0x0000000000000044                __vector_8
                0x0000000000000044                __vector_14
                0x0000000000000044                __vector_10
                0x0000000000000044                __vector_16
 .text          0x0000000000000046        0x0 obj/DebugLin/fuse.o
 .text          0x0000000000000046       0x2e obj/DebugLin/main.o
                0x0000000000000046                main
 .text          0x0000000000000074        0x0 /usr/lib/gcc/avr/5.2.0/avr25/tiny-stack/libgcc.a(_exit.o)
 .text          0x0000000000000074        0x0 /usr/lib/gcc/avr/5.2.0/../../../../avr/lib/avr25/tiny-stack/libc.a(rand.o)
 .text          0x0000000000000074        0x0 /usr/lib/gcc/avr/5.2.0/avr25/tiny-stack/libgcc.a(_divmodsi4.o)
 .text          0x0000000000000074        0x0 /usr/lib/gcc/avr/5.2.0/avr25/tiny-stack/libgcc.a(_negsi2.o)
 .text          0x0000000000000074        0x0 /usr/lib/gcc/avr/5.2.0/avr25/tiny-stack/libgcc.a(_copy_data.o)
 .text          0x0000000000000074        0x0 /usr/lib/gcc/avr/5.2.0/avr25/tiny-stack/libgcc.a(_mulsidi3.o)
 .text          0x0000000000000074        0x0 /usr/lib/gcc/avr/5.2.0/avr25/tiny-stack/libgcc.a(_prologue.o)
 .text          0x0000000000000074        0x0 /usr/lib/gcc/avr/5.2.0/avr25/tiny-stack/libgcc.a(_epilogue.o)
 .text          0x0000000000000074        0x0 /usr/lib/gcc/avr/5.2.0/avr25/tiny-stack/libgcc.a(_udivmodsi4.o)
 .text          0x0000000000000074        0x0 /usr/lib/gcc/avr/5.2.0/avr25/tiny-stack/libgcc.a(_muldi3.o)
                0x0000000000000074                . = ALIGN (0x2)
 *(.text.*)
 .text.libgcc.mul
                0x0000000000000074        0x0 /usr/lib/gcc/avr/5.2.0/avr25/tiny-stack/libgcc.a(_exit.o)
 .text.libgcc.div
                0x0000000000000074        0x0 /usr/lib/gcc/avr/5.2.0/avr25/tiny-stack/libgcc.a(_exit.o)
 .text.libgcc   0x0000000000000074        0x0 /usr/lib/gcc/avr/5.2.0/avr25/tiny-stack/libgcc.a(_exit.o)
 .text.libgcc.prologue
                0x0000000000000074        0x0 /usr/lib/gcc/avr/5.2.0/avr25/tiny-stack/libgcc.a(_exit.o)
 .text.libgcc.builtins
                0x0000000000000074        0x0 /usr/lib/gcc/avr/5.2.0/avr25/tiny-stack/libgcc.a(_exit.o)
 .text.libgcc.fmul
                0x0000000000000074        0x0 /usr/lib/gcc/avr/5.2.0/avr25/tiny-stack/libgcc.a(_exit.o)
 .text.libgcc.fixed
                0x0000000000000074        0x0 /usr/lib/gcc/avr/5.2.0/avr25/tiny-stack/libgcc.a(_exit.o)
 .text.avr-libc
                0x0000000000000074       0xb2 /usr/lib/gcc/avr/5.2.0/../../../../avr/lib/avr25/tiny-stack/libc.a(rand.o)
                0x0000000000000104                rand_r
                0x0000000000000108                rand
                0x0000000000000110                srand
 .text.libgcc.mul
                0x0000000000000126        0x0 /usr/lib/gcc/avr/5.2.0/avr25/tiny-stack/libgcc.a(_divmodsi4.o)
 .text.libgcc.div
                0x0000000000000126       0x28 /usr/lib/gcc/avr/5.2.0/avr25/tiny-stack/libgcc.a(_divmodsi4.o)
                0x0000000000000126                __divmodsi4
 .text.libgcc   0x000000000000014e        0x0 /usr/lib/gcc/avr/5.2.0/avr25/tiny-stack/libgcc.a(_divmodsi4.o)
 .text.libgcc.prologue
                0x000000000000014e        0x0 /usr/lib/gcc/avr/5.2.0/avr25/tiny-stack/libgcc.a(_divmodsi4.o)
 .text.libgcc.builtins
                0x000000000000014e        0x0 /usr/lib/gcc/avr/5.2.0/avr25/tiny-stack/libgcc.a(_divmodsi4.o)
 .text.libgcc.fmul
                0x000000000000014e        0x0 /usr/lib/gcc/avr/5.2.0/avr25/tiny-stack/libgcc.a(_divmodsi4.o)
 .text.libgcc.fixed
                0x000000000000014e        0x0 /usr/lib/gcc/avr/5.2.0/avr25/tiny-stack/libgcc.a(_divmodsi4.o)
 .text.libgcc.mul
                0x000000000000014e        0x0 /usr/lib/gcc/avr/5.2.0/avr25/tiny-stack/libgcc.a(_negsi2.o)
 .text.libgcc.div
                0x000000000000014e       0x10 /usr/lib/gcc/avr/5.2.0/avr25/tiny-stack/libgcc.a(_negsi2.o)
                0x000000000000014e                __negsi2
 .text.libgcc   0x000000000000015e        0x0 /usr/lib/gcc/avr/5.2.0/avr25/tiny-stack/libgcc.a(_negsi2.o)
 .text.libgcc.prologue
                0x000000000000015e        0x0 /usr/lib/gcc/avr/5.2.0/avr25/tiny-stack/libgcc.a(_negsi2.o)
 .text.libgcc.builtins
                0x000000000000015e        0x0 /usr/lib/gcc/avr/5.2.0/avr25/tiny-stack/libgcc.a(_negsi2.o)
 .text.libgcc.fmul
                0x000000000000015e        0x0 /usr/lib/gcc/avr/5.2.0/avr25/tiny-stack/libgcc.a(_negsi2.o)
 .text.libgcc.fixed
                0x000000000000015e        0x0 /usr/lib/gcc/avr/5.2.0/avr25/tiny-stack/libgcc.a(_negsi2.o)
 .text.libgcc.mul
                0x000000000000015e        0x0 /usr/lib/gcc/avr/5.2.0/avr25/tiny-stack/libgcc.a(_copy_data.o)
 .text.libgcc.div
                0x000000000000015e        0x0 /usr/lib/gcc/avr/5.2.0/avr25/tiny-stack/libgcc.a(_copy_data.o)
 .text.libgcc   0x000000000000015e        0x0 /usr/lib/gcc/avr/5.2.0/avr25/tiny-stack/libgcc.a(_copy_data.o)
 .text.libgcc.prologue
                0x000000000000015e        0x0 /usr/lib/gcc/avr/5.2.0/avr25/tiny-stack/libgcc.a(_copy_data.o)
 .text.libgcc.builtins
                0x000000000000015e        0x0 /usr/lib/gcc/avr/5.2.0/avr25/tiny-stack/libgcc.a(_copy_data.o)
 .text.libgcc.fmul
                0x000000000000015e        0x0 /usr/lib/gcc/avr/5.2.0/avr25/tiny-stack/libgcc.a(_copy_data.o)
 .text.libgcc.fixed
                0x000000000000015e        0x0 /usr/lib/gcc/avr/5.2.0/avr25/tiny-stack/libgcc.a(_copy_data.o)
 .text.libgcc.mul
                0x000000000000015e       0x3a /usr/lib/gcc/avr/5.2.0/avr25/tiny-stack/libgcc.a(_mulsidi3.o)
                0x000000000000015e                __mulsidi3
                0x0000000000000162                __umulsidi3
 .text.libgcc.div
                0x0000000000000198        0x0 /usr/lib/gcc/avr/5.2.0/avr25/tiny-stack/libgcc.a(_mulsidi3.o)
 .text.libgcc   0x0000000000000198        0x0 /usr/lib/gcc/avr/5.2.0/avr25/tiny-stack/libgcc.a(_mulsidi3.o)
 .text.libgcc.prologue
                0x0000000000000198        0x0 /usr/lib/gcc/avr/5.2.0/avr25/tiny-stack/libgcc.a(_mulsidi3.o)
 .text.libgcc.builtins
                0x0000000000000198        0x0 /usr/lib/gcc/avr/5.2.0/avr25/tiny-stack/libgcc.a(_mulsidi3.o)
 .text.libgcc.fmul
                0x0000000000000198        0x0 /usr/lib/gcc/avr/5.2.0/avr25/tiny-stack/libgcc.a(_mulsidi3.o)
 .text.libgcc.fixed
                0x0000000000000198        0x0 /usr/lib/gcc/avr/5.2.0/avr25/tiny-stack/libgcc.a(_mulsidi3.o)
 .text.libgcc.mul
                0x0000000000000198        0x0 /usr/lib/gcc/avr/5.2.0/avr25/tiny-stack/libgcc.a(_prologue.o)
 .text.libgcc.div
                0x0000000000000198        0x0 /usr/lib/gcc/avr/5.2.0/avr25/tiny-stack/libgcc.a(_prologue.o)
 .text.libgcc   0x0000000000000198        0x0 /usr/lib/gcc/avr/5.2.0/avr25/tiny-stack/libgcc.a(_prologue.o)
 .text.libgcc.prologue
                0x0000000000000198       0x2e /usr/lib/gcc/avr/5.2.0/avr25/tiny-stack/libgcc.a(_prologue.o)
                0x0000000000000198                __prologue_saves__
 .text.libgcc.builtins
                0x00000000000001c6        0x0 /usr/lib/gcc/avr/5.2.0/avr25/tiny-stack/libgcc.a(_prologue.o)
 .text.libgcc.fmul
                0x00000000000001c6        0x0 /usr/lib/gcc/avr/5.2.0/avr25/tiny-stack/libgcc.a(_prologue.o)
 .text.libgcc.fixed
                0x00000000000001c6        0x0 /usr/lib/gcc/avr/5.2.0/avr25/tiny-stack/libgcc.a(_prologue.o)
 .text.libgcc.mul
                0x00000000000001c6        0x0 /usr/lib/gcc/avr/5.2.0/avr25/tiny-stack/libgcc.a(_epilogue.o)
 .text.libgcc.div
                0x00000000000001c6        0x0 /usr/lib/gcc/avr/5.2.0/avr25/tiny-stack/libgcc.a(_epilogue.o)
 .text.libgcc   0x00000000000001c6        0x0 /usr/lib/gcc/avr/5.2.0/avr25/tiny-stack/libgcc.a(_epilogue.o)
 .text.libgcc.prologue
                0x00000000000001c6       0x2c /usr/lib/gcc/avr/5.2.0/avr25/tiny-stack/libgcc.a(_epilogue.o)
                0x00000000000001c6                __epilogue_restores__
 .text.libgcc.builtins
                0x00000000000001f2        0x0 /usr/lib/gcc/avr/5.2.0/avr25/tiny-stack/libgcc.a(_epilogue.o)
 .text.libgcc.fmul
                0x00000000000001f2        0x0 /usr/lib/gcc/avr/5.2.0/avr25/tiny-stack/libgcc.a(_epilogue.o)
 .text.libgcc.fixed
                0x00000000000001f2        0x0 /usr/lib/gcc/avr/5.2.0/avr25/tiny-stack/libgcc.a(_epilogue.o)
 .text.libgcc.mul
                0x00000000000001f2        0x0 /usr/lib/gcc/avr/5.2.0/avr25/tiny-stack/libgcc.a(_udivmodsi4.o)
 .text.libgcc.div
                0x00000000000001f2       0x44 /usr/lib/gcc/avr/5.2.0/avr25/tiny-stack/libgcc.a(_udivmodsi4.o)
                0x00000000000001f2                __udivmodsi4
 .text.libgcc   0x0000000000000236        0x0 /usr/lib/gcc/avr/5.2.0/avr25/tiny-stack/libgcc.a(_udivmodsi4.o)
 .text.libgcc.prologue
                0x0000000000000236        0x0 /usr/lib/gcc/avr/5.2.0/avr25/tiny-stack/libgcc.a(_udivmodsi4.o)
 .text.libgcc.builtins
                0x0000000000000236        0x0 /usr/lib/gcc/avr/5.2.0/avr25/tiny-stack/libgcc.a(_udivmodsi4.o)
 .text.libgcc.fmul
                0x0000000000000236        0x0 /usr/lib/gcc/avr/5.2.0/avr25/tiny-stack/libgcc.a(_udivmodsi4.o)
 .text.libgcc.fixed
                0x0000000000000236        0x0 /usr/lib/gcc/avr/5.2.0/avr25/tiny-stack/libgcc.a(_udivmodsi4.o)
 .text.libgcc.mul
                0x0000000000000236       0x5c /usr/lib/gcc/avr/5.2.0/avr25/tiny-stack/libgcc.a(_muldi3.o)
                0x0000000000000236                __muldi3
 .text.libgcc.div
                0x0000000000000292        0x0 /usr/lib/gcc/avr/5.2.0/avr25/tiny-stack/libgcc.a(_muldi3.o)
 .text.libgcc   0x0000000000000292        0x0 /usr/lib/gcc/avr/5.2.0/avr25/tiny-stack/libgcc.a(_muldi3.o)
 .text.libgcc.prologue
                0x0000000000000292        0x0 /usr/lib/gcc/avr/5.2.0/avr25/tiny-stack/libgcc.a(_muldi3.o)
 .text.libgcc.builtins
                0x0000000000000292        0x0 /usr/lib/gcc/avr/5.2.0/avr25/tiny-stack/libgcc.a(_muldi3.o)
 .text.libgcc.fmul
                0x0000000000000292        0x0 /usr/lib/gcc/avr/5.2.0/avr25/tiny-stack/libgcc.a(_muldi3.o)
 .text.libgcc.fixed
                0x0000000000000292        0x0 /usr/lib/gcc/avr/5.2.0/avr25/tiny-stack/libgcc.a(_muldi3.o)
                0x0000000000000292                . = ALIGN (0x2)
 *(.fini9)
 .fini9         0x0000000000000292        0x0 /usr/lib/gcc/avr/5.2.0/avr25/tiny-stack/libgcc.a(_exit.o)
                0x0000000000000292                exit
                0x0000000000000292                _exit
 *(.fini9)
 *(.fini8)
 *(.fini8)
 *(.fini7)
 *(.fini7)
 *(.fini6)
 *(.fini6)
 *(.fini5)
 *(.fini5)
 *(.fini4)
 *(.fini4)
 *(.fini3)
 *(.fini3)
 *(.fini2)
 *(.fini2)
 *(.fini1)
 *(.fini1)
 *(.fini0)
 .fini0         0x0000000000000292        0x4 /usr/lib/gcc/avr/5.2.0/avr25/tiny-stack/libgcc.a(_exit.o)
 *(.fini0)
                0x0000000000000296                _etext = .

.data           0x0000000000800060        0x4 load address 0x0000000000000296
                0x0000000000800060                PROVIDE (__data_start, .)
 *(.data)
 .data          0x0000000000800060        0x0 /usr/lib/gcc/avr/5.2.0/../../../../avr/lib/avr25/tiny-stack/crtattiny24a.o
 .data          0x0000000000800060        0x0 obj/DebugLin/fuse.o
 .data          0x0000000000800060        0x0 obj/DebugLin/main.o
 .data          0x0000000000800060        0x0 /usr/lib/gcc/avr/5.2.0/avr25/tiny-stack/libgcc.a(_exit.o)
 .data          0x0000000000800060        0x4 /usr/lib/gcc/avr/5.2.0/../../../../avr/lib/avr25/tiny-stack/libc.a(rand.o)
 .data          0x0000000000800064        0x0 /usr/lib/gcc/avr/5.2.0/avr25/tiny-stack/libgcc.a(_divmodsi4.o)
 .data          0x0000000000800064        0x0 /usr/lib/gcc/avr/5.2.0/avr25/tiny-stack/libgcc.a(_negsi2.o)
 .data          0x0000000000800064        0x0 /usr/lib/gcc/avr/5.2.0/avr25/tiny-stack/libgcc.a(_copy_data.o)
 .data          0x0000000000800064        0x0 /usr/lib/gcc/avr/5.2.0/avr25/tiny-stack/libgcc.a(_mulsidi3.o)
 .data          0x0000000000800064        0x0 /usr/lib/gcc/avr/5.2.0/avr25/tiny-stack/libgcc.a(_prologue.o)
 .data          0x0000000000800064        0x0 /usr/lib/gcc/avr/5.2.0/avr25/tiny-stack/libgcc.a(_epilogue.o)
 .data          0x0000000000800064        0x0 /usr/lib/gcc/avr/5.2.0/avr25/tiny-stack/libgcc.a(_udivmodsi4.o)
 .data          0x0000000000800064        0x0 /usr/lib/gcc/avr/5.2.0/avr25/tiny-stack/libgcc.a(_muldi3.o)
 *(.data*)
 *(.rodata)
 *(.rodata*)
 *(.gnu.linkonce.d*)
                0x0000000000800064                . = ALIGN (0x2)
                0x0000000000800064                _edata = .
                0x0000000000800064                PROVIDE (__data_end, .)

.bss            0x0000000000800064        0x0
                [!provide]                        PROVIDE (__bss_start, .)
 *(.bss)
 .bss           0x0000000000800064        0x0 /usr/lib/gcc/avr/5.2.0/../../../../avr/lib/avr25/tiny-stack/crtattiny24a.o
 .bss           0x0000000000800064        0x0 obj/DebugLin/fuse.o
 .bss           0x0000000000800064        0x0 obj/DebugLin/main.o
 .bss           0x0000000000800064        0x0 /usr/lib/gcc/avr/5.2.0/avr25/tiny-stack/libgcc.a(_exit.o)
 .bss           0x0000000000800064        0x0 /usr/lib/gcc/avr/5.2.0/../../../../avr/lib/avr25/tiny-stack/libc.a(rand.o)
 .bss           0x0000000000800064        0x0 /usr/lib/gcc/avr/5.2.0/avr25/tiny-stack/libgcc.a(_divmodsi4.o)
 .bss           0x0000000000800064        0x0 /usr/lib/gcc/avr/5.2.0/avr25/tiny-stack/libgcc.a(_negsi2.o)
 .bss           0x0000000000800064        0x0 /usr/lib/gcc/avr/5.2.0/avr25/tiny-stack/libgcc.a(_copy_data.o)
 .bss           0x0000000000800064        0x0 /usr/lib/gcc/avr/5.2.0/avr25/tiny-stack/libgcc.a(_mulsidi3.o)
 .bss           0x0000000000800064        0x0 /usr/lib/gcc/avr/5.2.0/avr25/tiny-stack/libgcc.a(_prologue.o)
 .bss           0x0000000000800064        0x0 /usr/lib/gcc/avr/5.2.0/avr25/tiny-stack/libgcc.a(_epilogue.o)
 .bss           0x0000000000800064        0x0 /usr/lib/gcc/avr/5.2.0/avr25/tiny-stack/libgcc.a(_udivmodsi4.o)
 .bss           0x0000000000800064        0x0 /usr/lib/gcc/avr/5.2.0/avr25/tiny-stack/libgcc.a(_muldi3.o)
 *(.bss*)
 *(COMMON)
                [!provide]                        PROVIDE (__bss_end, .)
                0x0000000000000296                __data_load_start = LOADADDR (.data)
                0x000000000000029a                __data_load_end = (__data_load_start + SIZEOF (.data))

.noinit         0x0000000000800064        0x0
                [!provide]                        PROVIDE (__noinit_start, .)
 *(.noinit*)
                [!provide]                        PROVIDE (__noinit_end, .)
                0x0000000000800064                _end = .
                [!provide]                        PROVIDE (__heap_start, .)

.eeprom         0x0000000000810000        0x0
 *(.eeprom*)
                0x0000000000810000                __eeprom_end = .

.fuse           0x0000000000820000        0x3
 *(.fuse)
 .fuse          0x0000000000820000        0x3 obj/DebugLin/fuse.o
                0x0000000000820000                __fuse
 *(.lfuse)
 *(.hfuse)
 *(.efuse)

.lock
 *(.lock*)

.signature
 *(.signature*)

.stab           0x0000000000000000      0x828
 *(.stab)
 .stab          0x0000000000000000      0x498 obj/DebugLin/fuse.o
 .stab          0x0000000000000498      0x390 obj/DebugLin/main.o
                                        0x558 (size before relaxing)

.stabstr        0x0000000000000000      0xd9c
 *(.stabstr)
 .stabstr       0x0000000000000000      0xd9c obj/DebugLin/fuse.o

.stab.excl
 *(.stab.excl)

.stab.exclstr
 *(.stab.exclstr)

.stab.index
 *(.stab.index)

.stab.indexstr
 *(.stab.indexstr)

.comment        0x0000000000000000       0x11
 *(.comment)
 .comment       0x0000000000000000       0x11 obj/DebugLin/fuse.o
                                         0x12 (size before relaxing)
 .comment       0x0000000000000011       0x12 obj/DebugLin/main.o
 .comment       0x0000000000000011       0x12 /usr/lib/gcc/avr/5.2.0/../../../../avr/lib/avr25/tiny-stack/libc.a(rand.o)

.note.gnu.avr.deviceinfo
                0x0000000000000000       0x3c
 .note.gnu.avr.deviceinfo
                0x0000000000000000       0x3c /usr/lib/gcc/avr/5.2.0/../../../../avr/lib/avr25/tiny-stack/crtattiny24a.o

.note.gnu.build-id
 *(.note.gnu.build-id)

.debug
 *(.debug)

.line
 *(.line)

.debug_srcinfo
 *(.debug_srcinfo)

.debug_sfnames
 *(.debug_sfnames)

.debug_aranges
 *(.debug_aranges)

.debug_pubnames
 *(.debug_pubnames)

.debug_info     0x0000000000000000      0x420
 *(.debug_info .gnu.linkonce.wi.*)
 .debug_info    0x0000000000000000      0x420 /usr/lib/gcc/avr/5.2.0/../../../../avr/lib/avr25/tiny-stack/crtattiny24a.o

.debug_abbrev   0x0000000000000000      0x3e8
 *(.debug_abbrev)
 .debug_abbrev  0x0000000000000000      0x3e8 /usr/lib/gcc/avr/5.2.0/../../../../avr/lib/avr25/tiny-stack/crtattiny24a.o

.debug_line     0x0000000000000000       0x1d
 *(.debug_line .debug_line.* .debug_line_end)
 .debug_line    0x0000000000000000       0x1d /usr/lib/gcc/avr/5.2.0/../../../../avr/lib/avr25/tiny-stack/crtattiny24a.o

.debug_frame
 *(.debug_frame)

.debug_str      0x0000000000000000      0x177
 *(.debug_str)
 .debug_str     0x0000000000000000      0x177 /usr/lib/gcc/avr/5.2.0/../../../../avr/lib/avr25/tiny-stack/crtattiny24a.o

.debug_loc
 *(.debug_loc)

.debug_macinfo
 *(.debug_macinfo)

.debug_weaknames
 *(.debug_weaknames)

.debug_funcnames
 *(.debug_funcnames)

.debug_typenames
 *(.debug_typenames)

.debug_varnames
 *(.debug_varnames)

.debug_pubtypes
 *(.debug_pubtypes)

.debug_ranges
 *(.debug_ranges)

.debug_macro
 *(.debug_macro)
OUTPUT(bin/DebugLin/linux-test-program.elf elf32-avr)
LOAD linker stubs

Cross Reference Table

Symbol                                            File
__bad_interrupt                                   /usr/lib/gcc/avr/5.2.0/../../../../avr/lib/avr25/tiny-stack/crtattiny24a.o
__data_end                                        /usr/lib/gcc/avr/5.2.0/avr25/tiny-stack/libgcc.a(_copy_data.o)
__data_load_start                                 /usr/lib/gcc/avr/5.2.0/avr25/tiny-stack/libgcc.a(_copy_data.o)
__data_start                                      /usr/lib/gcc/avr/5.2.0/avr25/tiny-stack/libgcc.a(_copy_data.o)
__divmodsi4                                       /usr/lib/gcc/avr/5.2.0/avr25/tiny-stack/libgcc.a(_divmodsi4.o)
                                                  /usr/lib/gcc/avr/5.2.0/../../../../avr/lib/avr25/tiny-stack/libc.a(rand.o)
__do_copy_data                                    /usr/lib/gcc/avr/5.2.0/avr25/tiny-stack/libgcc.a(_copy_data.o)
                                                  /usr/lib/gcc/avr/5.2.0/../../../../avr/lib/avr25/tiny-stack/libc.a(rand.o)
__epilogue_restores__                             /usr/lib/gcc/avr/5.2.0/avr25/tiny-stack/libgcc.a(_epilogue.o)
                                                  /usr/lib/gcc/avr/5.2.0/avr25/tiny-stack/libgcc.a(_mulsidi3.o)
__fuse                                            obj/DebugLin/fuse.o
__heap_end                                        /usr/lib/gcc/avr/5.2.0/../../../../avr/lib/avr25/tiny-stack/crtattiny24a.o
__init                                            /usr/lib/gcc/avr/5.2.0/../../../../avr/lib/avr25/tiny-stack/crtattiny24a.o
__muldi3                                          /usr/lib/gcc/avr/5.2.0/avr25/tiny-stack/libgcc.a(_muldi3.o)
                                                  /usr/lib/gcc/avr/5.2.0/avr25/tiny-stack/libgcc.a(_mulsidi3.o)
__mulsidi3                                        /usr/lib/gcc/avr/5.2.0/avr25/tiny-stack/libgcc.a(_mulsidi3.o)
                                                  /usr/lib/gcc/avr/5.2.0/../../../../avr/lib/avr25/tiny-stack/libc.a(rand.o)
__negsi2                                          /usr/lib/gcc/avr/5.2.0/avr25/tiny-stack/libgcc.a(_negsi2.o)
                                                  /usr/lib/gcc/avr/5.2.0/avr25/tiny-stack/libgcc.a(_divmodsi4.o)
__prologue_saves__                                /usr/lib/gcc/avr/5.2.0/avr25/tiny-stack/libgcc.a(_prologue.o)
                                                  /usr/lib/gcc/avr/5.2.0/avr25/tiny-stack/libgcc.a(_mulsidi3.o)
__stack                                           /usr/lib/gcc/avr/5.2.0/../../../../avr/lib/avr25/tiny-stack/crtattiny24a.o
__udivmodsi4                                      /usr/lib/gcc/avr/5.2.0/avr25/tiny-stack/libgcc.a(_udivmodsi4.o)
                                                  /usr/lib/gcc/avr/5.2.0/avr25/tiny-stack/libgcc.a(_divmodsi4.o)
__umulsidi3                                       /usr/lib/gcc/avr/5.2.0/avr25/tiny-stack/libgcc.a(_mulsidi3.o)
__vector_1                                        /usr/lib/gcc/avr/5.2.0/../../../../avr/lib/avr25/tiny-stack/crtattiny24a.o
__vector_10                                       /usr/lib/gcc/avr/5.2.0/../../../../avr/lib/avr25/tiny-stack/crtattiny24a.o
__vector_11                                       /usr/lib/gcc/avr/5.2.0/../../../../avr/lib/avr25/tiny-stack/crtattiny24a.o
__vector_12                                       /usr/lib/gcc/avr/5.2.0/../../../../avr/lib/avr25/tiny-stack/crtattiny24a.o
__vector_13                                       /usr/lib/gcc/avr/5.2.0/../../../../avr/lib/avr25/tiny-stack/crtattiny24a.o
__vector_14                                       /usr/lib/gcc/avr/5.2.0/../../../../avr/lib/avr25/tiny-stack/crtattiny24a.o
__vector_15                                       /usr/lib/gcc/avr/5.2.0/../../../../avr/lib/avr25/tiny-stack/crtattiny24a.o
__vector_16                                       /usr/lib/gcc/avr/5.2.0/../../../../avr/lib/avr25/tiny-stack/crtattiny24a.o
__vector_2                                        /usr/lib/gcc/avr/5.2.0/../../../../avr/lib/avr25/tiny-stack/crtattiny24a.o
__vector_3                                        /usr/lib/gcc/avr/5.2.0/../../../../avr/lib/avr25/tiny-stack/crtattiny24a.o
__vector_4                                        /usr/lib/gcc/avr/5.2.0/../../../../avr/lib/avr25/tiny-stack/crtattiny24a.o
__vector_5                                        /usr/lib/gcc/avr/5.2.0/../../../../avr/lib/avr25/tiny-stack/crtattiny24a.o
__vector_6                                        /usr/lib/gcc/avr/5.2.0/../../../../avr/lib/avr25/tiny-stack/crtattiny24a.o
__vector_7                                        /usr/lib/gcc/avr/5.2.0/../../../../avr/lib/avr25/tiny-stack/crtattiny24a.o
__vector_8                                        /usr/lib/gcc/avr/5.2.0/../../../../avr/lib/avr25/tiny-stack/crtattiny24a.o
__vector_9                                        /usr/lib/gcc/avr/5.2.0/../../../../avr/lib/avr25/tiny-stack/crtattiny24a.o
__vector_default                                  /usr/lib/gcc/avr/5.2.0/../../../../avr/lib/avr25/tiny-stack/crtattiny24a.o
__vectors                                         /usr/lib/gcc/avr/5.2.0/../../../../avr/lib/avr25/tiny-stack/crtattiny24a.o
_exit                                             /usr/lib/gcc/avr/5.2.0/avr25/tiny-stack/libgcc.a(_exit.o)
exit                                              /usr/lib/gcc/avr/5.2.0/avr25/tiny-stack/libgcc.a(_exit.o)
                                                  /usr/lib/gcc/avr/5.2.0/../../../../avr/lib/avr25/tiny-stack/crtattiny24a.o
main                                              obj/DebugLin/main.o
                                                  /usr/lib/gcc/avr/5.2.0/../../../../avr/lib/avr25/tiny-stack/crtattiny24a.o
rand                                              /usr/lib/gcc/avr/5.2.0/../../../../avr/lib/avr25/tiny-stack/libc.a(rand.o)
                                                  obj/DebugLin/main.o
rand_r                                            /usr/lib/gcc/avr/5.2.0/../../../../avr/lib/avr25/tiny-stack/libc.a(rand.o)
srand                                             /usr/lib/gcc/avr/5.2.0/../../../../avr/lib/avr25/tiny-stack/libc.a(rand.o)
